[1m[31mError:[0m cannot use Int as String
  [2m[34m--> errors/conditional_type_mismatch.dang:2:42[0m
 [2m    |[0m
 [2m  1 | # Test conditional with mismatched branch types[0m
 [2m[34m[1m  2 | [0mpub result = if true { "string" } else { 123 }
[2m                                                [31m^^^[0m
 [2m    |[0m

