[1m[31mError:[0m missing field "email" required by interface Contact
  [2m[34m--> errors/interface_multiple_missing_fields.dang:9:24[0m
 [2m    |[0m
 [2m  7 | }[0m
 [2m  8 | [0m
 [2m[34m[1m  9 | [0mtype Person implements Contact {
[2m                              [31m^^^^^^^[0m
 [2m 10 |   pub name: String![0m
 [2m 11 |   # Missing: email and phone[0m
 [2m    |[0m

