errors/lambda_argument_type_mismatch.dash:2:30 (66): no match found, expected: "!=", "#", "%", "(", ")", "*", "+", ",", "-", ".", "/", "<", "<=", "==", ">", ">=", "?", "\n", [ \t\r\n], [ \t] or [a-zA-Z0-9_]
