[1m[31mError:[0m cannot use Int! as String!
  [2m[34m--> errors/type_mismatch_modulo.dang:2:14[0m
 [2m    |[0m
 [2m  1 | # Test modulo type mismatch[0m
 [2m[34m[1m  2 | [0mpub result = "hello" % 42
[2m                    [31m^^^^^^^^^^^^[0m
 [2m    |[0m

