[1m[31mError:[0m Unification Fail: String ~ Int cannot be unified
  [2m[34m--> errors/variable_type_annotation_mismatch.bd:2:15[0m
 [2m    |[0m
 [2m  1 | # Test variable type annotation mismatch[0m
 [2m[34m[1m  2 | [0mpub x: Int! = "hello"
[2m                     [31m^^^^^^^[0m
 [2m    |[0m

